
> frontend@1.0.0 test:report
> react-scripts test --watchAll=false --coverage --verbose

  console.error
    Warning: `ReactDOMTestUtils.act` is deprecated in favor of `React.act`. Import `act` from `react` instead of `react-dom/test-utils`. See https://react.dev/warnings/react-dom-test-utils for more info.

    [0m [90m 48 |[39m
     [90m 49 |[39m   test([32m'renders Toaster component without crashing'[39m[33m,[39m () [33m=>[39m {
    [31m[1m>[22m[39m[90m 50 |[39m     render([33m<[39m[33mToaster[39m [33m/[39m[33m>[39m)[33m;[39m
     [90m    |[39m           [31m[1m^[22m[39m
     [90m 51 |[39m     [90m// Toaster should render without throwing errors[39m
     [90m 52 |[39m     expect(document[33m.[39mbody)[33m.[39mtoBeInTheDocument()[33m;[39m
     [90m 53 |[39m   })[33m;[39m[0m

      at printWarning (node_modules/react-dom/cjs/react-dom-test-utils.development.js:71:30)
      at error (node_modules/react-dom/cjs/react-dom-test-utils.development.js:45:7)
      at actWithWarning (node_modules/react-dom/cjs/react-dom-test-utils.development.js:1736:7)
      at node_modules/@testing-library/react/dist/act-compat.js:63:25
      at renderRoot (node_modules/@testing-library/react/dist/pure.js:159:26)
      at render (node_modules/@testing-library/react/dist/pure.js:246:10)
      at Object.<anonymous> (src/tests/components/ui/Toast.test.jsx:50:11)

npm : (node:13756) [DEP0040] DeprecationWarning: The `punycode` module is deprecated. Please use a 
userland alternative instead.
At line:1 char:1
+ npm run test:report 2>&1 | Tee-Object -FilePath "test-results.txt"
+ ~~~~~~~~~~~~~~~~~~~~~~~~
    + CategoryInfo          : NotSpecified: ((node:13756) [D...native instead.:String) [], RemoteExce 
   ption
    + FullyQualifiedErrorId : NativeCommandError
 
(Use `node --trace-deprecation ...` to show where the warning was created)
PASS src/tests/components/ui/Toast.test.jsx (6.238 s)
  Sonner Toast Components
    Γטת renders Toaster component without crashing (267 ms)
    Γטת shows success toast when triggered (100 ms)
    Γטת shows error toast when triggered (35 ms)
    Γטת shows warning toast when triggered (31 ms)
    Γטת shows info toast when triggered (17 ms)
    Γטת Toaster accepts configuration props (38 ms)
    Γטת multiple toasts can be displayed (34 ms)
    Γטת toast can be dismissed programmatically (27 ms)

  console.error
    Warning: `ReactDOMTestUtils.act` is deprecated in favor of `React.act`. Import `act` from `react` instead of `react-dom/test-utils`. See https://react.dev/warnings/react-dom-test-utils for more info.

    [0m [90m  6 |[39m describe([32m'Button Component'[39m[33m,[39m () [33m=>[39m {
     [90m  7 |[39m   test([32m'renders with default props'[39m[33m,[39m () [33m=>[39m {
    [31m[1m>[22m[39m[90m  8 |[39m     render([33m<[39m[33mButton[39m[33m>[39m[33mClick[39m me[33m<[39m[33m/[39m[33mButton[39m[33m>[39m)[33m;[39m
     [90m    |[39m           [31m[1m^[22m[39m
     [90m  9 |[39m     
     [90m 10 |[39m     [36mconst[39m button [33m=[39m screen[33m.[39mgetByRole([32m'button'[39m[33m,[39m { name[33m:[39m [35m/click me/i[39m })[33m;[39m
     [90m 11 |[39m     expect(button)[33m.[39mtoBeInTheDocument()[33m;[39m[0m

      at printWarning (node_modules/react-dom/cjs/react-dom-test-utils.development.js:71:30)
      at error (node_modules/react-dom/cjs/react-dom-test-utils.development.js:45:7)
      at actWithWarning (node_modules/react-dom/cjs/react-dom-test-utils.development.js:1736:7)
      at node_modules/@testing-library/react/dist/act-compat.js:63:25
      at renderRoot (node_modules/@testing-library/react/dist/pure.js:159:26)
      at render (node_modules/@testing-library/react/dist/pure.js:246:10)
      at Object.<anonymous> (src/tests/components/ui/Button.test.jsx:8:11)

  console.error
    Warning: `ReactDOMTestUtils.act` is deprecated in favor of `React.act`. Import `act` from `react` instead of `react-dom/test-utils`. See https://react.dev/warnings/react-dom-test-utils for more info.

    [0m [90m 15 |[39m
     [90m 16 |[39m [36mconst[39m renderNavBar [33m=[39m () [33m=>[39m {
    [31m[1m>[22m[39m[90m 17 |[39m   [36mreturn[39m render(
     [90m    |[39m                [31m[1m^[22m[39m
     [90m 18 |[39m     [33m<[39m[33mBrowserRouter[39m[33m>[39m
     [90m 19 |[39m       [33m<[39m[33mNavBar[39m [33m/[39m[33m>[39m
     [90m 20 |[39m     [33m<[39m[33m/[39m[33mBrowserRouter[39m[33m>[39m[0m

      at printWarning (node_modules/react-dom/cjs/react-dom-test-utils.development.js:71:30)
      at error (node_modules/react-dom/cjs/react-dom-test-utils.development.js:45:7)
      at actWithWarning (node_modules/react-dom/cjs/react-dom-test-utils.development.js:1736:7)
      at node_modules/@testing-library/react/dist/act-compat.js:63:25
      at renderRoot (node_modules/@testing-library/react/dist/pure.js:159:26)
      at render (node_modules/@testing-library/react/dist/pure.js:246:10)
      at renderNavBar (src/tests/components/NavBar.test.jsx:17:16)
      at Object.<anonymous> (src/tests/components/NavBar.test.jsx:31:5)

  console.error
    Warning: `ReactDOMTestUtils.act` is deprecated in favor of `React.act`. Import `act` from `react` instead of `react-dom/test-utils`. See https://react.dev/warnings/react-dom-test-utils for more info.

    [0m [90m  6 |[39m
     [90m  7 |[39m [36mconst[39m renderSidebar [33m=[39m (role) [33m=>[39m {
    [31m[1m>[22m[39m[90m  8 |[39m   [36mreturn[39m render(
     [90m    |[39m                [31m[1m^[22m[39m
     [90m  9 |[39m     [33m<[39m[33mBrowserRouter[39m[33m>[39m
     [90m 10 |[39m       [33m<[39m[33mSidebar[39m role[33m=[39m{role} [33m/[39m[33m>[39m
     [90m 11 |[39m     [33m<[39m[33m/[39m[33mBrowserRouter[39m[33m>[39m[0m

      at printWarning (node_modules/react-dom/cjs/react-dom-test-utils.development.js:71:30)
      at error (node_modules/react-dom/cjs/react-dom-test-utils.development.js:45:7)
      at actWithWarning (node_modules/react-dom/cjs/react-dom-test-utils.development.js:1736:7)
      at node_modules/@testing-library/react/dist/act-compat.js:63:25
      at renderRoot (node_modules/@testing-library/react/dist/pure.js:159:26)
      at render (node_modules/@testing-library/react/dist/pure.js:246:10)
      at renderSidebar (src/tests/components/Sidebar.test.jsx:8:16)
      at Object.<anonymous> (src/tests/components/Sidebar.test.jsx:17:5)

  console.error
    Warning: `ReactDOMTestUtils.act` is deprecated in favor of `React.act`. Import `act` from `react` instead of `react-dom/test-utils`. See https://react.dev/warnings/react-dom-test-utils for more info.

    [0m [90m  6 |[39m
     [90m  7 |[39m [36mconst[39m renderHome [33m=[39m () [33m=>[39m {
    [31m[1m>[22m[39m[90m  8 |[39m   [36mreturn[39m render(
     [90m    |[39m                [31m[1m^[22m[39m
     [90m  9 |[39m     [33m<[39m[33mBrowserRouter[39m[33m>[39m
     [90m 10 |[39m       [33m<[39m[33mHome[39m [33m/[39m[33m>[39m
     [90m 11 |[39m     [33m<[39m[33m/[39m[33mBrowserRouter[39m[33m>[39m[0m

      at printWarning (node_modules/react-dom/cjs/react-dom-test-utils.development.js:71:30)
      at error (node_modules/react-dom/cjs/react-dom-test-utils.development.js:45:7)
      at actWithWarning (node_modules/react-dom/cjs/react-dom-test-utils.development.js:1736:7)
      at node_modules/@testing-library/react/dist/act-compat.js:63:25
      at renderRoot (node_modules/@testing-library/react/dist/pure.js:159:26)
      at render (node_modules/@testing-library/react/dist/pure.js:246:10)
      at renderHome (src/tests/pages/Home.test.jsx:8:16)
      at Object.<anonymous> (src/tests/pages/Home.test.jsx:17:5)

  console.warn
    Γתá∩╕ן React Router Future Flag Warning: React Router will begin wrapping state updates in `React.startTransition` in v7. You can use the `v7_startTransition` future flag to opt-in early. For more information, see https://reactrouter.com/v6/upgrading/future#v7_starttransition.

    [0m [90m 15 |[39m
     [90m 16 |[39m [36mconst[39m renderNavBar [33m=[39m () [33m=>[39m {
    [31m[1m>[22m[39m[90m 17 |[39m   [36mreturn[39m render(
     [90m    |[39m                [31m[1m^[22m[39m
     [90m 18 |[39m     [33m<[39m[33mBrowserRouter[39m[33m>[39m
     [90m 19 |[39m       [33m<[39m[33mNavBar[39m [33m/[39m[33m>[39m
     [90m 20 |[39m     [33m<[39m[33m/[39m[33mBrowserRouter[39m[33m>[39m[0m

      at warnOnce (node_modules/react-router/lib/deprecations.ts:9:13)
      at logDeprecation (node_modules/react-router/lib/deprecations.ts:14:3)
      at Object.logV6DeprecationWarnings [as UNSAFE_logV6DeprecationWarnings] (node_modules/react-router/lib/deprecations.ts:26:5)
      at node_modules/react-router-dom/index.tsx:816:25
      at commitHookEffectListMount (node_modules/react-dom/cjs/react-dom.development.js:23189:26)
      at commitPassiveMountOnFiber (node_modules/react-dom/cjs/react-dom.development.js:24970:11)
      at commitPassiveMountEffects_complete (node_modules/react-dom/cjs/react-dom.development.js:24930:9)
      at commitPassiveMountEffects_begin (node_modules/react-dom/cjs/react-dom.development.js:24917:7)
      at commitPassiveMountEffects (node_modules/react-dom/cjs/react-dom.development.js:24905:3)
      at flushPassiveEffectsImpl (node_modules/react-dom/cjs/react-dom.development.js:27078:3)
      at flushPassiveEffects (node_modules/react-dom/cjs/react-dom.development.js:27023:14)
      at node_modules/react-dom/cjs/react-dom.development.js:26808:9
      at flushActQueue (node_modules/react/cjs/react.development.js:2667:24)
      at act (node_modules/react/cjs/react.development.js:2582:11)
      at actWithWarning (node_modules/react-dom/cjs/react-dom-test-utils.development.js:1740:10)
      at node_modules/@testing-library/react/dist/act-compat.js:63:25
      at renderRoot (node_modules/@testing-library/react/dist/pure.js:159:26)
      at render (node_modules/@testing-library/react/dist/pure.js:246:10)
      at renderNavBar (src/tests/components/NavBar.test.jsx:17:16)
      at Object.<anonymous> (src/tests/components/NavBar.test.jsx:31:5)

  console.warn
    Γתá∩╕ן React Router Future Flag Warning: Relative route resolution within Splat routes is changing in v7. You can use the `v7_relativeSplatPath` future flag to opt-in early. For more information, see https://reactrouter.com/v6/upgrading/future#v7_relativesplatpath.

    [0m [90m 15 |[39m
     [90m 16 |[39m [36mconst[39m renderNavBar [33m=[39m () [33m=>[39m {
    [31m[1m>[22m[39m[90m 17 |[39m   [36mreturn[39m render(
     [90m    |[39m                [31m[1m^[22m[39m
     [90m 18 |[39m     [33m<[39m[33mBrowserRouter[39m[33m>[39m
     [90m 19 |[39m       [33m<[39m[33mNavBar[39m [33m/[39m[33m>[39m
     [90m 20 |[39m     [33m<[39m[33m/[39m[33mBrowserRouter[39m[33m>[39m[0m

      at warnOnce (node_modules/react-router/lib/deprecations.ts:9:13)
      at logDeprecation (node_modules/react-router/lib/deprecations.ts:14:3)
      at Object.logV6DeprecationWarnings [as UNSAFE_logV6DeprecationWarnings] (node_modules/react-router/lib/deprecations.ts:37:5)
      at node_modules/react-router-dom/index.tsx:816:25
      at commitHookEffectListMount (node_modules/react-dom/cjs/react-dom.development.js:23189:26)
      at commitPassiveMountOnFiber (node_modules/react-dom/cjs/react-dom.development.js:24970:11)
      at commitPassiveMountEffects_complete (node_modules/react-dom/cjs/react-dom.development.js:24930:9)
      at commitPassiveMountEffects_begin (node_modules/react-dom/cjs/react-dom.development.js:24917:7)
      at commitPassiveMountEffects (node_modules/react-dom/cjs/react-dom.development.js:24905:3)
      at flushPassiveEffectsImpl (node_modules/react-dom/cjs/react-dom.development.js:27078:3)
      at flushPassiveEffects (node_modules/react-dom/cjs/react-dom.development.js:27023:14)
      at node_modules/react-dom/cjs/react-dom.development.js:26808:9
      at flushActQueue (node_modules/react/cjs/react.development.js:2667:24)
      at act (node_modules/react/cjs/react.development.js:2582:11)
      at actWithWarning (node_modules/react-dom/cjs/react-dom-test-utils.development.js:1740:10)
      at node_modules/@testing-library/react/dist/act-compat.js:63:25
      at renderRoot (node_modules/@testing-library/react/dist/pure.js:159:26)
      at render (node_modules/@testing-library/react/dist/pure.js:246:10)
      at renderNavBar (src/tests/components/NavBar.test.jsx:17:16)
      at Object.<anonymous> (src/tests/components/NavBar.test.jsx:31:5)

  console.warn
    Γתá∩╕ן React Router Future Flag Warning: React Router will begin wrapping state updates in `React.startTransition` in v7. You can use the `v7_startTransition` future flag to opt-in early. For more information, see https://reactrouter.com/v6/upgrading/future#v7_starttransition.

    [0m [90m  6 |[39m
     [90m  7 |[39m [36mconst[39m renderSidebar [33m=[39m (role) [33m=>[39m {
    [31m[1m>[22m[39m[90m  8 |[39m   [36mreturn[39m render(
     [90m    |[39m                [31m[1m^[22m[39m
     [90m  9 |[39m     [33m<[39m[33mBrowserRouter[39m[33m>[39m
     [90m 10 |[39m       [33m<[39m[33mSidebar[39m role[33m=[39m{role} [33m/[39m[33m>[39m
     [90m 11 |[39m     [33m<[39m[33m/[39m[33mBrowserRouter[39m[33m>[39m[0m

      at warnOnce (node_modules/react-router/lib/deprecations.ts:9:13)
      at logDeprecation (node_modules/react-router/lib/deprecations.ts:14:3)
      at Object.logV6DeprecationWarnings [as UNSAFE_logV6DeprecationWarnings] (node_modules/react-router/lib/deprecations.ts:26:5)
      at node_modules/react-router-dom/index.tsx:816:25
      at commitHookEffectListMount (node_modules/react-dom/cjs/react-dom.development.js:23189:26)
      at commitPassiveMountOnFiber (node_modules/react-dom/cjs/react-dom.development.js:24970:11)
      at commitPassiveMountEffects_complete (node_modules/react-dom/cjs/react-dom.development.js:24930:9)
      at commitPassiveMountEffects_begin (node_modules/react-dom/cjs/react-dom.development.js:24917:7)
      at commitPassiveMountEffects (node_modules/react-dom/cjs/react-dom.development.js:24905:3)
      at flushPassiveEffectsImpl (node_modules/react-dom/cjs/react-dom.development.js:27078:3)
      at flushPassiveEffects (node_modules/react-dom/cjs/react-dom.development.js:27023:14)
      at node_modules/react-dom/cjs/react-dom.development.js:26808:9
      at flushActQueue (node_modules/react/cjs/react.development.js:2667:24)
      at act (node_modules/react/cjs/react.development.js:2582:11)
      at actWithWarning (node_modules/react-dom/cjs/react-dom-test-utils.development.js:1740:10)
      at node_modules/@testing-library/react/dist/act-compat.js:63:25
      at renderRoot (node_modules/@testing-library/react/dist/pure.js:159:26)
      at render (node_modules/@testing-library/react/dist/pure.js:246:10)
      at renderSidebar (src/tests/components/Sidebar.test.jsx:8:16)
      at Object.<anonymous> (src/tests/components/Sidebar.test.jsx:17:5)

  console.warn
    Γתá∩╕ן React Router Future Flag Warning: Relative route resolution within Splat routes is changing in v7. You can use the `v7_relativeSplatPath` future flag to opt-in early. For more information, see https://reactrouter.com/v6/upgrading/future#v7_relativesplatpath.

    [0m [90m  6 |[39m
     [90m  7 |[39m [36mconst[39m renderSidebar [33m=[39m (role) [33m=>[39m {
    [31m[1m>[22m[39m[90m  8 |[39m   [36mreturn[39m render(
     [90m    |[39m                [31m[1m^[22m[39m
     [90m  9 |[39m     [33m<[39m[33mBrowserRouter[39m[33m>[39m
     [90m 10 |[39m       [33m<[39m[33mSidebar[39m role[33m=[39m{role} [33m/[39m[33m>[39m
     [90m 11 |[39m     [33m<[39m[33m/[39m[33mBrowserRouter[39m[33m>[39m[0m

      at warnOnce (node_modules/react-router/lib/deprecations.ts:9:13)
      at logDeprecation (node_modules/react-router/lib/deprecations.ts:14:3)
      at Object.logV6DeprecationWarnings [as UNSAFE_logV6DeprecationWarnings] (node_modules/react-router/lib/deprecations.ts:37:5)
      at node_modules/react-router-dom/index.tsx:816:25
      at commitHookEffectListMount (node_modules/react-dom/cjs/react-dom.development.js:23189:26)
      at commitPassiveMountOnFiber (node_modules/react-dom/cjs/react-dom.development.js:24970:11)
      at commitPassiveMountEffects_complete (node_modules/react-dom/cjs/react-dom.development.js:24930:9)
      at commitPassiveMountEffects_begin (node_modules/react-dom/cjs/react-dom.development.js:24917:7)
      at commitPassiveMountEffects (node_modules/react-dom/cjs/react-dom.development.js:24905:3)
      at flushPassiveEffectsImpl (node_modules/react-dom/cjs/react-dom.development.js:27078:3)
      at flushPassiveEffects (node_modules/react-dom/cjs/react-dom.development.js:27023:14)
      at node_modules/react-dom/cjs/react-dom.development.js:26808:9
      at flushActQueue (node_modules/react/cjs/react.development.js:2667:24)
      at act (node_modules/react/cjs/react.development.js:2582:11)
      at actWithWarning (node_modules/react-dom/cjs/react-dom-test-utils.development.js:1740:10)
      at node_modules/@testing-library/react/dist/act-compat.js:63:25
      at renderRoot (node_modules/@testing-library/react/dist/pure.js:159:26)
      at render (node_modules/@testing-library/react/dist/pure.js:246:10)
      at renderSidebar (src/tests/components/Sidebar.test.jsx:8:16)
      at Object.<anonymous> (src/tests/components/Sidebar.test.jsx:17:5)

(node:21204) [DEP0040] DeprecationWarning: The `punycode` module is deprecated. Please use a userland 
alternative instead.
(Use `node --trace-deprecation ...` to show where the warning was created)
PASS src/tests/components/ui/Button.test.jsx (13.183 s)
  Button Component
    Γטת renders with default props (699 ms)
    Γטת renders with different variants (140 ms)
    Γטת renders with different sizes (118 ms)
    Γטת handles click events (129 ms)
    Γטת can be disabled (33 ms)
    Γטת applies custom className (65 ms)

  console.warn
    Γתá∩╕ן React Router Future Flag Warning: React Router will begin wrapping state updates in `React.startTransition` in v7. You can use the `v7_startTransition` future flag to opt-in early. For more information, see https://reactrouter.com/v6/upgrading/future#v7_starttransition.

    [0m [90m  6 |[39m
     [90m  7 |[39m [36mconst[39m renderHome [33m=[39m () [33m=>[39m {
    [31m[1m>[22m[39m[90m  8 |[39m   [36mreturn[39m render(
     [90m    |[39m                [31m[1m^[22m[39m
     [90m  9 |[39m     [33m<[39m[33mBrowserRouter[39m[33m>[39m
     [90m 10 |[39m       [33m<[39m[33mHome[39m [33m/[39m[33m>[39m
     [90m 11 |[39m     [33m<[39m[33m/[39m[33mBrowserRouter[39m[33m>[39m[0m

      at warnOnce (node_modules/react-router/lib/deprecations.ts:9:13)
(node:18856) [DEP0040] DeprecationWarning: The `punycode` module is deprecated. Please use a userland 
alternative instead.
      at logDeprecation (node_modules/react-router/lib/deprecations.ts:14:3)
      at Object.logV6DeprecationWarnings [as UNSAFE_logV6DeprecationWarnings] (node_modules/react-router/lib/deprecations.ts:26:5)
      at node_modules/react-router-dom/index.tsx:816:25
      at commitHookEffectListMount (node_modules/react-dom/cjs/react-dom.development.js:23189:26)
      at commitPassiveMountOnFiber (node_modules/react-dom/cjs/react-dom.development.js:24970:11)
      at commitPassiveMountEffects_complete (node_modules/react-dom/cjs/react-dom.development.js:24930:9)
(Use `node --trace-deprecation ...` to show where the warning was created)
PASS src/tests/components/NavBar.test.jsx (13.32 s)
      at commitPassiveMountEffects_begin (node_modules/react-dom/cjs/react-dom.development.js:24917:7)
      at commitPassiveMountEffects (node_modules/react-dom/cjs/react-dom.development.js:24905:3)
      at flushPassiveEffectsImpl (node_modules/react-dom/cjs/react-dom.development.js:27078:3)
      at flushPassiveEffects (node_modules/react-dom/cjs/react-dom.development.js:27023:14)
      at node_modules/react-dom/cjs/react-dom.development.js:26808:9
      at flushActQueue (node_modules/react/cjs/react.development.js:2667:24)
      at act (node_modules/react/cjs/react.development.js:2582:11)
      at actWithWarning (node_modules/react-dom/cjs/react-dom-test-utils.development.js:1740:10)
      at node_modules/@testing-library/react/dist/act-compat.js:63:25
  NavBar Component
    Γטת renders logo and site name (692 ms)
    Γטת shows home button on auth pages (53 ms)
      at renderRoot (node_modules/@testing-library/react/dist/pure.js:159:26)
      at render (node_modules/@testing-library/react/dist/pure.js:246:10)
      at renderHome (src/tests/pages/Home.test.jsx:8:16)
    Γטת shows profile and logout for authenticated users (69 ms)
    Γטת logout functionality works correctly (94 ms)
    Γטת profile link redirects correctly for students (21 ms)
    Γטת profile link redirects correctly for teachers (32 ms)

PASS src/tests/pages/Home.test.jsx (7.049 s)
  Home Page
    Γטת renders home page without crashing (488 ms)
    Γטת contains main navigation elements (131 ms)

(node:14116) [DEP0040] DeprecationWarning: The `punycode` module is deprecated. Please use a userland 
alternative instead.
(Use `node --trace-deprecation ...` to show where the warning was created)
PASS src/tests/components/Sidebar.test.jsx (13.876 s)
  Sidebar Component
    Γטת renders student sidebar correctly (907 ms)
    Γטת renders teacher sidebar correctly (211 ms)
    Γטת student sidebar has correct navigation links (84 ms)
    Γטת teacher sidebar has correct navigation links (106 ms)
    Γטת displays copyright notice (93 ms)
      at Object.<anonymous> (src/tests/pages/Home.test.jsx:17:5)

  console.warn
    Γתá∩╕ן React Router Future Flag Warning: Relative route resolution within Splat routes is changing in v7. You can use the `v7_relativeSplatPath` future flag to opt-in early. For more information, see https://reactrouter.com/v6/upgrading/future#v7_relativesplatpath.

    [0m [90m  6 |[39m
     [90m  7 |[39m [36mconst[39m renderHome [33m=[39m () [33m=>[39m {
    [31m[1m>[22m[39m[90m  8 |[39m   [36mreturn[39m render(
     [90m    |[39m                [31m[1m^[22m[39m
     [90m  9 |[39m     [33m<[39m[33mBrowserRouter[39m[33m>[39m
     [90m 10 |[39m       [33m<[39m[33mHome[39m [33m/[39m[33m>[39m
     [90m 11 |[39m     [33m<[39m[33m/[39m[33mBrowserRouter[39m[33m>[39m[0m

      at warnOnce (node_modules/react-router/lib/deprecations.ts:9:13)
      at logDeprecation (node_modules/react-router/lib/deprecations.ts:14:3)
      at Object.logV6DeprecationWarnings [as UNSAFE_logV6DeprecationWarnings] (node_modules/react-router/lib/deprecations.ts:37:5)
      at node_modules/react-router-dom/index.tsx:816:25
      at commitHookEffectListMount (node_modules/react-dom/cjs/react-dom.development.js:23189:26)
      at commitPassiveMountOnFiber (node_modules/react-dom/cjs/react-dom.development.js:24970:11)

      at commitPassiveMountEffects_complete (node_modules/react-dom/cjs/react-dom.development.js:24930:9)
      at commitPassiveMountEffects_begin (node_modules/react-dom/cjs/react-dom.development.js:24917:7)
      at commitPassiveMountEffects (node_modules/react-dom/cjs/react-dom.development.js:24905:3)
      at flushPassiveEffectsImpl (node_modules/react-dom/cjs/react-dom.development.js:27078:3)
      at flushPassiveEffects (node_modules/react-dom/cjs/react-dom.development.js:27023:14)
      at node_modules/react-dom/cjs/react-dom.development.js:26808:9
      at flushActQueue (node_modules/react/cjs/react.development.js:2667:24)
      at act (node_modules/react/cjs/react.development.js:2582:11)
      at actWithWarning (node_modules/react-dom/cjs/react-dom-test-utils.development.js:1740:10)
      at node_modules/@testing-library/react/dist/act-compat.js:63:25
      at renderRoot (node_modules/@testing-library/react/dist/pure.js:159:26)
      at render (node_modules/@testing-library/react/dist/pure.js:246:10)
      at renderHome (src/tests/pages/Home.test.jsx:8:16)
      at Object.<anonymous> (src/tests/pages/Home.test.jsx:17:5)

  console.error
    Warning: `ReactDOMTestUtils.act` is deprecated in favor of `React.act`. Import `act` from `react` instead of `react-dom/test-utils`. See https://react.dev/warnings/react-dom-test-utils for more info.

    [0m [90m  6 |[39m describe([32m'Card Components'[39m[33m,[39m () [33m=>[39m {
     [90m  7 |[39m   test([32m'Card renders with default styling'[39m[33m,[39m () [33m=>[39m {
    [31m[1m>[22m[39m[90m  8 |[39m     render([33m<[39m[33mCard[39m data[33m-[39mtestid[33m=[39m[32m"card"[39m[33m>[39m[33mCard[39m content[33m<[39m[33m/[39m[33mCard[39m[33m>[39m)[33m;[39m
     [90m    |[39m           [31m[1m^[22m[39m
     [90m  9 |[39m     
     [90m 10 |[39m     [36mconst[39m card [33m=[39m screen[33m.[39mgetByTestId([32m'card'[39m)[33m;[39m
     [90m 11 |[39m     expect(card)[33m.[39mtoBeInTheDocument()[33m;[39m[0m

      at printWarning (node_modules/react-dom/cjs/react-dom-test-utils.development.js:71:30)
      at error (node_modules/react-dom/cjs/react-dom-test-utils.development.js:45:7)
      at actWithWarning (node_modules/react-dom/cjs/react-dom-test-utils.development.js:1736:7)
      at node_modules/@testing-library/react/dist/act-compat.js:63:25
      at renderRoot (node_modules/@testing-library/react/dist/pure.js:159:26)
      at render (node_modules/@testing-library/react/dist/pure.js:246:10)
      at Object.<anonymous> (src/tests/components/ui/Card.test.jsx:8:11)

  console.log
    Toasts enabled from startup

      at Object.<anonymous> (src/services/api.js:36:9)

PASS src/tests/components/ui/Card.test.jsx
  Card Components
    Γטת Card renders with default styling (99 ms)
    Γטת Card accepts custom className (28 ms)
    Γטת CardHeader renders correctly (13 ms)
    Γטת CardTitle renders correctly (64 ms)
    Γטת CardDescription renders correctly (9 ms)
    Γטת CardContent renders correctly (11 ms)
    Γטת CardFooter renders correctly (49 ms)
    Γטת complete card structure works together (34 ms)

  console.error
    Warning: `ReactDOMTestUtils.act` is deprecated in favor of `React.act`. Import `act` from `react` instead of `react-dom/test-utils`. See https://react.dev/warnings/react-dom-test-utils for more info.

    [0m [90m  6 |[39m
     [90m  7 |[39m [36mconst[39m renderSignUp [33m=[39m () [33m=>[39m {
    [31m[1m>[22m[39m[90m  8 |[39m   [36mreturn[39m render(
     [90m    |[39m                [31m[1m^[22m[39m
     [90m  9 |[39m     [33m<[39m[33mBrowserRouter[39m[33m>[39m
     [90m 10 |[39m       [33m<[39m[33mSignUp[39m [33m/[39m[33m>[39m
     [90m 11 |[39m     [33m<[39m[33m/[39m[33mBrowserRouter[39m[33m>[39m[0m

      at printWarning (node_modules/react-dom/cjs/react-dom-test-utils.development.js:71:30)
      at error (node_modules/react-dom/cjs/react-dom-test-utils.development.js:45:7)
      at actWithWarning (node_modules/react-dom/cjs/react-dom-test-utils.development.js:1736:7)
      at node_modules/@testing-library/react/dist/act-compat.js:63:25
      at renderRoot (node_modules/@testing-library/react/dist/pure.js:159:26)
      at render (node_modules/@testing-library/react/dist/pure.js:246:10)
      at renderSignUp (src/tests/pages/SignUp.test.jsx:8:16)
      at Object.<anonymous> (src/tests/pages/SignUp.test.jsx:21:5)

  console.log
    Toasts enabled from startup

      at Object.<anonymous> (src/services/api.js:36:9)

  console.warn
    Γתá∩╕ן React Router Future Flag Warning: React Router will begin wrapping state updates in `React.startTransition` in v7. You can use the `v7_startTransition` future flag to opt-in early. For more information, see https://reactrouter.com/v6/upgrading/future#v7_starttransition.

    [0m [90m  6 |[39m
     [90m  7 |[39m [36mconst[39m renderSignUp [33m=[39m () [33m=>[39m {
    [31m[1m>[22m[39m[90m  8 |[39m   [36mreturn[39m render(
     [90m    |[39m                [31m[1m^[22m[39m
     [90m  9 |[39m     [33m<[39m[33mBrowserRouter[39m[33m>[39m
     [90m 10 |[39m       [33m<[39m[33mSignUp[39m [33m/[39m[33m>[39m
     [90m 11 |[39m     [33m<[39m[33m/[39m[33mBrowserRouter[39m[33m>[39m[0m

      at warnOnce (node_modules/react-router/lib/deprecations.ts:9:13)
      at logDeprecation (node_modules/react-router/lib/deprecations.ts:14:3)
      at Object.logV6DeprecationWarnings [as UNSAFE_logV6DeprecationWarnings] (node_modules/react-router/lib/deprecations.ts:26:5)
      at node_modules/react-router-dom/index.tsx:816:25
      at commitHookEffectListMount (node_modules/react-dom/cjs/react-dom.development.js:23189:26)
      at commitPassiveMountOnFiber (node_modules/react-dom/cjs/react-dom.development.js:24970:11)
      at commitPassiveMountEffects_complete (node_modules/react-dom/cjs/react-dom.development.js:24930:9)
      at commitPassiveMountEffects_begin (node_modules/react-dom/cjs/react-dom.development.js:24917:7)
      at commitPassiveMountEffects (node_modules/react-dom/cjs/react-dom.development.js:24905:3)
      at flushPassiveEffectsImpl (node_modules/react-dom/cjs/react-dom.development.js:27078:3)
      at flushPassiveEffects (node_modules/react-dom/cjs/react-dom.development.js:27023:14)
      at node_modules/react-dom/cjs/react-dom.development.js:26808:9
      at flushActQueue (node_modules/react/cjs/react.development.js:2667:24)
      at act (node_modules/react/cjs/react.development.js:2582:11)
      at actWithWarning (node_modules/react-dom/cjs/react-dom-test-utils.development.js:1740:10)
      at node_modules/@testing-library/react/dist/act-compat.js:63:25
      at renderRoot (node_modules/@testing-library/react/dist/pure.js:159:26)
      at render (node_modules/@testing-library/react/dist/pure.js:246:10)
      at renderSignUp (src/tests/pages/SignUp.test.jsx:8:16)
      at Object.<anonymous> (src/tests/pages/SignUp.test.jsx:21:5)

  console.warn
    Γתá∩╕ן React Router Future Flag Warning: Relative route resolution within Splat routes is changing in v7. You can use the `v7_relativeSplatPath` future flag to opt-in early. For more information, see https://reactrouter.com/v6/upgrading/future#v7_relativesplatpath.

    [0m [90m  6 |[39m
     [90m  7 |[39m [36mconst[39m renderSignUp [33m=[39m () [33m=>[39m {
    [31m[1m>[22m[39m[90m  8 |[39m   [36mreturn[39m render(
     [90m    |[39m                [31m[1m^[22m[39m
     [90m  9 |[39m     [33m<[39m[33mBrowserRouter[39m[33m>[39m
     [90m 10 |[39m       [33m<[39m[33mSignUp[39m [33m/[39m[33m>[39m
     [90m 11 |[39m     [33m<[39m[33m/[39m[33mBrowserRouter[39m[33m>[39m[0m

      at warnOnce (node_modules/react-router/lib/deprecations.ts:9:13)
      at logDeprecation (node_modules/react-router/lib/deprecations.ts:14:3)
      at Object.logV6DeprecationWarnings [as UNSAFE_logV6DeprecationWarnings] (node_modules/react-router/lib/deprecations.ts:37:5)
      at node_modules/react-router-dom/index.tsx:816:25
      at commitHookEffectListMount (node_modules/react-dom/cjs/react-dom.development.js:23189:26)
      at commitPassiveMountOnFiber (node_modules/react-dom/cjs/react-dom.development.js:24970:11)
      at commitPassiveMountEffects_complete (node_modules/react-dom/cjs/react-dom.development.js:24930:9)
      at commitPassiveMountEffects_begin (node_modules/react-dom/cjs/react-dom.development.js:24917:7)
      at commitPassiveMountEffects (node_modules/react-dom/cjs/react-dom.development.js:24905:3)
      at flushPassiveEffectsImpl (node_modules/react-dom/cjs/react-dom.development.js:27078:3)
      at flushPassiveEffects (node_modules/react-dom/cjs/react-dom.development.js:27023:14)
      at node_modules/react-dom/cjs/react-dom.development.js:26808:9
      at flushActQueue (node_modules/react/cjs/react.development.js:2667:24)
      at act (node_modules/react/cjs/react.development.js:2582:11)
      at actWithWarning (node_modules/react-dom/cjs/react-dom-test-utils.development.js:1740:10)
      at node_modules/@testing-library/react/dist/act-compat.js:63:25
      at renderRoot (node_modules/@testing-library/react/dist/pure.js:159:26)
      at render (node_modules/@testing-library/react/dist/pure.js:246:10)
      at renderSignUp (src/tests/pages/SignUp.test.jsx:8:16)
      at Object.<anonymous> (src/tests/pages/SignUp.test.jsx:21:5)

(node:12764) [DEP0040] DeprecationWarning: The `punycode` module is deprecated. Please use a userland 
alternative instead.
(Use `node --trace-deprecation ...` to show where the warning was created)
PASS src/tests/pages/SignUp.test.jsx (16.432 s)
  SignUp Page
    Γטת renders signup page without crashing (669 ms)
    Γטת renders signup form elements (113 ms)

  console.error
    Warning: `ReactDOMTestUtils.act` is deprecated in favor of `React.act`. Import `act` from `react` instead of `react-dom/test-utils`. See https://react.dev/warnings/react-dom-test-utils for more info.

    [0m [90m  6 |[39m
     [90m  7 |[39m [36mconst[39m renderLogin [33m=[39m () [33m=>[39m {
    [31m[1m>[22m[39m[90m  8 |[39m   [36mreturn[39m render(
     [90m    |[39m                [31m[1m^[22m[39m
     [90m  9 |[39m     [33m<[39m[33mBrowserRouter[39m[33m>[39m
     [90m 10 |[39m       [33m<[39m[33mLogin[39m [33m/[39m[33m>[39m
     [90m 11 |[39m     [33m<[39m[33m/[39m[33mBrowserRouter[39m[33m>[39m[0m

      at printWarning (node_modules/react-dom/cjs/react-dom-test-utils.development.js:71:30)
      at error (node_modules/react-dom/cjs/react-dom-test-utils.development.js:45:7)
      at actWithWarning (node_modules/react-dom/cjs/react-dom-test-utils.development.js:1736:7)
      at node_modules/@testing-library/react/dist/act-compat.js:63:25
      at renderRoot (node_modules/@testing-library/react/dist/pure.js:159:26)
      at render (node_modules/@testing-library/react/dist/pure.js:246:10)
      at renderLogin (src/tests/pages/Login.test.jsx:8:16)
      at Object.<anonymous> (src/tests/pages/Login.test.jsx:21:5)

  console.log
    Auth check: { hasToken: false, hasUserId: false, role: null }

      at checkAuthentication (src/services/api.js:593:13)

  console.log
    Toasts enabled from startup

      at Object.<anonymous> (src/services/api.js:36:9)

  console.warn
    Γתá∩╕ן React Router Future Flag Warning: React Router will begin wrapping state updates in `React.startTransition` in v7. You can use the `v7_startTransition` future flag to opt-in early. For more information, see https://reactrouter.com/v6/upgrading/future#v7_starttransition.

    [0m [90m  6 |[39m
     [90m  7 |[39m [36mconst[39m renderLogin [33m=[39m () [33m=>[39m {
    [31m[1m>[22m[39m[90m  8 |[39m   [36mreturn[39m render(
     [90m    |[39m                [31m[1m^[22m[39m
     [90m  9 |[39m     [33m<[39m[33mBrowserRouter[39m[33m>[39m
     [90m 10 |[39m       [33m<[39m[33mLogin[39m [33m/[39m[33m>[39m
     [90m 11 |[39m     [33m<[39m[33m/[39m[33mBrowserRouter[39m[33m>[39m[0m

      at warnOnce (node_modules/react-router/lib/deprecations.ts:9:13)
      at logDeprecation (node_modules/react-router/lib/deprecations.ts:14:3)
      at Object.logV6DeprecationWarnings [as UNSAFE_logV6DeprecationWarnings] (node_modules/react-router/lib/deprecations.ts:26:5)
      at node_modules/react-router-dom/index.tsx:816:25
      at commitHookEffectListMount (node_modules/react-dom/cjs/react-dom.development.js:23189:26)
      at commitPassiveMountOnFiber (node_modules/react-dom/cjs/react-dom.development.js:24970:11)
      at commitPassiveMountEffects_complete (node_modules/react-dom/cjs/react-dom.development.js:24930:9)
      at commitPassiveMountEffects_begin (node_modules/react-dom/cjs/react-dom.development.js:24917:7)
      at commitPassiveMountEffects (node_modules/react-dom/cjs/react-dom.development.js:24905:3)
      at flushPassiveEffectsImpl (node_modules/react-dom/cjs/react-dom.development.js:27078:3)
      at flushPassiveEffects (node_modules/react-dom/cjs/react-dom.development.js:27023:14)
      at node_modules/react-dom/cjs/react-dom.development.js:26808:9
      at flushActQueue (node_modules/react/cjs/react.development.js:2667:24)
      at act (node_modules/react/cjs/react.development.js:2582:11)
      at actWithWarning (node_modules/react-dom/cjs/react-dom-test-utils.development.js:1740:10)
      at node_modules/@testing-library/react/dist/act-compat.js:63:25
      at renderRoot (node_modules/@testing-library/react/dist/pure.js:159:26)
      at render (node_modules/@testing-library/react/dist/pure.js:246:10)
      at renderLogin (src/tests/pages/Login.test.jsx:8:16)
      at Object.<anonymous> (src/tests/pages/Login.test.jsx:21:5)

  console.log
    Auth check: { hasToken: true, hasUserId: true, role: 'Teacher' }

      at checkAuthentication (src/services/api.js:593:13)

  console.warn
    Γתá∩╕ן React Router Future Flag Warning: Relative route resolution within Splat routes is changing in v7. You can use the `v7_relativeSplatPath` future flag to opt-in early. For more information, see https://reactrouter.com/v6/upgrading/future#v7_relativesplatpath.

    [0m [90m  6 |[39m
     [90m  7 |[39m [36mconst[39m renderLogin [33m=[39m () [33m=>[39m {
    [31m[1m>[22m[39m[90m  8 |[39m   [36mreturn[39m render(
     [90m    |[39m                [31m[1m^[22m[39m
     [90m  9 |[39m     [33m<[39m[33mBrowserRouter[39m[33m>[39m
     [90m 10 |[39m       [33m<[39m[33mLogin[39m [33m/[39m[33m>[39m
     [90m 11 |[39m     [33m<[39m[33m/[39m[33mBrowserRouter[39m[33m>[39m[0m

      at warnOnce (node_modules/react-router/lib/deprecations.ts:9:13)
      at logDeprecation (node_modules/react-router/lib/deprecations.ts:14:3)
      at Object.logV6DeprecationWarnings [as UNSAFE_logV6DeprecationWarnings] (node_modules/react-router/lib/deprecations.ts:37:5)
      at node_modules/react-router-dom/index.tsx:816:25
      at commitHookEffectListMount (node_modules/react-dom/cjs/react-dom.development.js:23189:26)
      at commitPassiveMountOnFiber (node_modules/react-dom/cjs/react-dom.development.js:24970:11)
      at commitPassiveMountEffects_complete (node_modules/react-dom/cjs/react-dom.development.js:24930:9)
      at commitPassiveMountEffects_begin (node_modules/react-dom/cjs/react-dom.development.js:24917:7)
      at commitPassiveMountEffects (node_modules/react-dom/cjs/react-dom.development.js:24905:3)
      at flushPassiveEffectsImpl (node_modules/react-dom/cjs/react-dom.development.js:27078:3)
      at flushPassiveEffects (node_modules/react-dom/cjs/react-dom.development.js:27023:14)
      at node_modules/react-dom/cjs/react-dom.development.js:26808:9
      at flushActQueue (node_modules/react/cjs/react.development.js:2667:24)
      at act (node_modules/react/cjs/react.development.js:2582:11)
      at actWithWarning (node_modules/react-dom/cjs/react-dom-test-utils.development.js:1740:10)
      at node_modules/@testing-library/react/dist/act-compat.js:63:25
      at renderRoot (node_modules/@testing-library/react/dist/pure.js:159:26)
      at render (node_modules/@testing-library/react/dist/pure.js:246:10)
      at renderLogin (src/tests/pages/Login.test.jsx:8:16)
      at Object.<anonymous> (src/tests/pages/Login.test.jsx:21:5)

  console.log
    Auth check: { hasToken: false, hasUserId: false, role: null }

      at checkAuthentication (src/services/api.js:593:13)

PASS src/tests/services/api.test.jsx
  API Utility Functions
    Γטת encryptData and decryptData are symmetrical (6 ms)
    Γטת checkAuthentication returns authenticated state when data exists (18 ms)
    Γטת checkAuthentication returns unauthenticated when data missing (6 ms)

  console.log
    Auth check: { hasToken: false, hasUserId: false, role: null }

      at checkAuthentication (src/services/api.js:593:13)

(node:16996) [DEP0040] DeprecationWarning: The `punycode` module is deprecated. Please use a userland 
alternative instead.
(Use `node --trace-deprecation ...` to show where the warning was created)
PASS src/tests/pages/Login.test.jsx (17.063 s)
  Login Page
    Γטת renders login page without crashing (442 ms)
    Γטת renders login form elements (90 ms)

  console.error
    Warning: `ReactDOMTestUtils.act` is deprecated in favor of `React.act`. Import `act` from `react` instead of `react-dom/test-utils`. See https://react.dev/warnings/react-dom-test-utils for more info.

    [0m [90m 17 |[39m
     [90m 18 |[39m [36mconst[39m renderAppWithRoute [33m=[39m (initialRoute [33m=[39m [32m'/'[39m) [33m=>[39m {
    [31m[1m>[22m[39m[90m 19 |[39m   [36mreturn[39m render(
     [90m    |[39m                [31m[1m^[22m[39m
     [90m 20 |[39m     [33m<[39m[33mMemoryRouter[39m initialEntries[33m=[39m{[initialRoute]}[33m>[39m
     [90m 21 |[39m       [33m<[39m[33mAppRoutes[39m [33m/[39m[33m>[39m
     [90m 22 |[39m     [33m<[39m[33m/[39m[33mMemoryRouter[39m[33m>[39m[0m

      at printWarning (node_modules/react-dom/cjs/react-dom-test-utils.development.js:71:30)
      at error (node_modules/react-dom/cjs/react-dom-test-utils.development.js:45:7)
      at actWithWarning (node_modules/react-dom/cjs/react-dom-test-utils.development.js:1736:7)
      at node_modules/@testing-library/react/dist/act-compat.js:63:25
      at renderRoot (node_modules/@testing-library/react/dist/pure.js:159:26)
      at render (node_modules/@testing-library/react/dist/pure.js:246:10)
      at renderAppWithRoute (src/tests/pages/App.test.jsx:19:16)
      at Object.<anonymous> (src/tests/pages/App.test.jsx:35:5)

  console.warn
    Γתá∩╕ן React Router Future Flag Warning: React Router will begin wrapping state updates in `React.startTransition` in v7. You can use the `v7_startTransition` future flag to opt-in early. For more information, see https://reactrouter.com/v6/upgrading/future#v7_starttransition.

    [0m [90m 17 |[39m
     [90m 18 |[39m [36mconst[39m renderAppWithRoute [33m=[39m (initialRoute [33m=[39m [32m'/'[39m) [33m=>[39m {
    [31m[1m>[22m[39m[90m 19 |[39m   [36mreturn[39m render(
     [90m    |[39m                [31m[1m^[22m[39m
     [90m 20 |[39m     [33m<[39m[33mMemoryRouter[39m initialEntries[33m=[39m{[initialRoute]}[33m>[39m
     [90m 21 |[39m       [33m<[39m[33mAppRoutes[39m [33m/[39m[33m>[39m
     [90m 22 |[39m     [33m<[39m[33m/[39m[33mMemoryRouter[39m[33m>[39m[0m

      at warnOnce (node_modules/react-router/lib/deprecations.ts:9:13)
      at logDeprecation (node_modules/react-router/lib/deprecations.ts:14:3)
      at logV6DeprecationWarnings (node_modules/react-router/lib/deprecations.ts:26:5)
      at node_modules/react-router/lib/components.tsx:257:25
      at commitHookEffectListMount (node_modules/react-dom/cjs/react-dom.development.js:23189:26)
      at commitPassiveMountOnFiber (node_modules/react-dom/cjs/react-dom.development.js:24970:11)
      at commitPassiveMountEffects_complete (node_modules/react-dom/cjs/react-dom.development.js:24930:9)
      at commitPassiveMountEffects_begin (node_modules/react-dom/cjs/react-dom.development.js:24917:7)
      at commitPassiveMountEffects (node_modules/react-dom/cjs/react-dom.development.js:24905:3)
      at flushPassiveEffectsImpl (node_modules/react-dom/cjs/react-dom.development.js:27078:3)
      at flushPassiveEffects (node_modules/react-dom/cjs/react-dom.development.js:27023:14)
      at node_modules/react-dom/cjs/react-dom.development.js:26808:9
      at flushActQueue (node_modules/react/cjs/react.development.js:2667:24)
      at act (node_modules/react/cjs/react.development.js:2582:11)
      at actWithWarning (node_modules/react-dom/cjs/react-dom-test-utils.development.js:1740:10)
      at node_modules/@testing-library/react/dist/act-compat.js:63:25
      at renderRoot (node_modules/@testing-library/react/dist/pure.js:159:26)
      at render (node_modules/@testing-library/react/dist/pure.js:246:10)
      at renderAppWithRoute (src/tests/pages/App.test.jsx:19:16)
      at Object.<anonymous> (src/tests/pages/App.test.jsx:35:5)

  console.warn
    Γתá∩╕ן React Router Future Flag Warning: Relative route resolution within Splat routes is changing in v7. You can use the `v7_relativeSplatPath` future flag to opt-in early. For more information, see https://reactrouter.com/v6/upgrading/future#v7_relativesplatpath.

    [0m [90m 17 |[39m
     [90m 18 |[39m [36mconst[39m renderAppWithRoute [33m=[39m (initialRoute [33m=[39m [32m'/'[39m) [33m=>[39m {
    [31m[1m>[22m[39m[90m 19 |[39m   [36mreturn[39m render(
     [90m    |[39m                [31m[1m^[22m[39m
     [90m 20 |[39m     [33m<[39m[33mMemoryRouter[39m initialEntries[33m=[39m{[initialRoute]}[33m>[39m
     [90m 21 |[39m       [33m<[39m[33mAppRoutes[39m [33m/[39m[33m>[39m
     [90m 22 |[39m     [33m<[39m[33m/[39m[33mMemoryRouter[39m[33m>[39m[0m

      at warnOnce (node_modules/react-router/lib/deprecations.ts:9:13)
      at logDeprecation (node_modules/react-router/lib/deprecations.ts:14:3)
      at logV6DeprecationWarnings (node_modules/react-router/lib/deprecations.ts:37:5)
      at node_modules/react-router/lib/components.tsx:257:25
      at commitHookEffectListMount (node_modules/react-dom/cjs/react-dom.development.js:23189:26)
      at commitPassiveMountOnFiber (node_modules/react-dom/cjs/react-dom.development.js:24970:11)
      at commitPassiveMountEffects_complete (node_modules/react-dom/cjs/react-dom.development.js:24930:9)
      at commitPassiveMountEffects_begin (node_modules/react-dom/cjs/react-dom.development.js:24917:7)
      at commitPassiveMountEffects (node_modules/react-dom/cjs/react-dom.development.js:24905:3)
      at flushPassiveEffectsImpl (node_modules/react-dom/cjs/react-dom.development.js:27078:3)
      at flushPassiveEffects (node_modules/react-dom/cjs/react-dom.development.js:27023:14)
      at node_modules/react-dom/cjs/react-dom.development.js:26808:9
      at flushActQueue (node_modules/react/cjs/react.development.js:2667:24)
      at act (node_modules/react/cjs/react.development.js:2582:11)
      at actWithWarning (node_modules/react-dom/cjs/react-dom-test-utils.development.js:1740:10)
      at node_modules/@testing-library/react/dist/act-compat.js:63:25
      at renderRoot (node_modules/@testing-library/react/dist/pure.js:159:26)
      at render (node_modules/@testing-library/react/dist/pure.js:246:10)
      at renderAppWithRoute (src/tests/pages/App.test.jsx:19:16)
      at Object.<anonymous> (src/tests/pages/App.test.jsx:35:5)

(node:20880) [DEP0040] DeprecationWarning: The `punycode` module is deprecated. Please use a userland 
alternative instead.
(Use `node --trace-deprecation ...` to show where the warning was created)
PASS src/tests/pages/App.test.jsx (22.158 s)
  App Component Routing
    Γטת renders home page by default (242 ms)
    Γטת redirects unknown routes to home (63 ms)
    Γטת login route renders without authentication (25 ms)
    Γטת signup route renders without authentication (21 ms)
    Γטת shows loading component during route transitions (30 ms)

------------------------------|---------|----------|---------|---------|----------------------------------------------------------------------------------------------------------------------------------------------------------------------------
File                          | % Stmts | % Branch | % Funcs | % Lines | Uncovered Line #s                                                                                                                                                          
------------------------------|---------|----------|---------|---------|----------------------------------------------------------------------------------------------------------------------------------------------------------------------------
All files                     |    7.26 |     4.28 |       6 |    7.64 |                                                                                                                                                                            
 src                          |   13.72 |        0 |    12.5 |   13.72 |                                                                                                                                                                            
  App.jsx                     |   14.28 |        0 |    12.5 |   14.28 | 29,37-67,72-97,102-106,190                                                                                                                                                 
  index.jsx                   |       0 |      100 |     100 |       0 | 6-7                                                                                                                                                                        
 src/components               |   82.14 |       80 |    62.5 |   82.14 |                                                                                                                                                                            
  BackButton.jsx              |       0 |        0 |       0 |       0 | 6-11                                                                                                                                                                       
  NavBar.jsx                  |   94.44 |      100 |      75 |   94.44 | 42                                                                                                                                                                         
  Sidebar.jsx                 |     100 |    83.33 |     100 |     100 | 47                                                                                                                                                                         
 src/components/course        |    4.95 |        0 |       0 |    5.94 |                                                                                                                                                                            
  AssignmentUpload.jsx        |     2.7 |        0 |       0 |    2.94 | 14-122                                                                                                                                                                     
  CourseHeader.jsx            |      25 |      100 |       0 |      25 | 7-13                                                                                                                                                                       
  CourseInformation.jsx       |    8.33 |        0 |       0 |    8.33 | 6-22                                                                                                                                                                       
  CourseMaterials.jsx         |    4.54 |        0 |       0 |    6.66 | 6-52                                                                                                                                                                       
  DeleteConfirmationModal.jsx |      25 |        0 |       0 |   33.33 | 12-14                                                                                                                                                                      
  StudentSubmissions.jsx      |    2.38 |        0 |       0 |    3.03 | 5-99                                                                                                                                                                       
 src/components/ui            |   24.77 |    46.15 |    37.5 |   24.77 |                                                                                                                                                                            
  alert-dialog.jsx            |       0 |        0 |       0 |       0 | 10-164                                                                                                                                                                     
  button.jsx                  |   83.33 |       80 |     100 |   83.33 | 20,26,41                                                                                                                                                                   
  card.jsx                    |     100 |      100 |     100 |     100 |                                                                                                                                                                            
  toast.jsx                   |       0 |        0 |       0 |       0 | 7-83                                                                                                                                                                       
 src/pages                    |   12.89 |    10.75 |     9.3 |   13.46 |                                                                                                                                                                            
  ForgotPassword.jsx          |    1.58 |        0 |       0 |    1.63 | 12-198                                                                                                                                                                     
  Home.jsx                    |     100 |      100 |     100 |     100 |                                                                                                                                                                            
  Login.jsx                   |   23.68 |    24.59 |   15.38 |   24.65 | 31,36-37,41-42,46-113,118-120,175-230                                                                                                                                      
  NewPassword.jsx             |    1.44 |        0 |       0 |    1.51 | 9-197                                                                                                                                                                      
  SignUp.jsx                  |   23.91 |    16.66 |   14.28 |   25.58 | 24-28,32-41,45-79,126-178                                                                                                                                                  
 src/pages/student            |    0.85 |        0 |       0 |    0.88 |                                                                                                                                                                            
  CourseDetails.jsx           |    0.69 |        0 |       0 |    0.72 | 22-332                                                                                                                                                                     
  MyCourses.jsx               |    1.17 |        0 |       0 |    1.23 | 11-260                                                                                                                                                                     
  StudentCourses.jsx          |    1.85 |        0 |       0 |    1.88 | 11-243                                                                                                                                                                     
  StudentDashboard.jsx        |    0.79 |        0 |       0 |    0.83 | 17-439                                                                                                                                                                     
  StudentProfile.jsx          |    0.56 |        0 |       0 |    0.58 | 15-706                                                                                                                                                                     
 src/pages/teacher            |    0.78 |        0 |       0 |    0.84 |                                                                                                                                                                            
  CreateCourse.jsx            |    1.63 |        0 |       0 |    1.63 | 10-136                                                                                                                                                                     
  FileMetaAnalyzer.jsx        |       0 |        0 |       0 |       0 | 19-160                                                                                                                                                                     
  ManageCourses.jsx           |    0.44 |        0 |       0 |    0.49 | 38-767                                                                                                                                                                     
  TeacherDashboard.jsx        |    2.77 |        0 |       0 |    3.12 | 15-129                                                                                                                                                                     
  TeacherProfile.jsx          |    0.55 |        0 |       0 |    0.57 | 13-14,18-709                                                                                                                                                               
  ViewStudents.jsx            |    2.38 |        0 |       0 |     2.5 | 11-195                                                                                                                                                                     
 src/services                 |   14.73 |     4.54 |    9.52 |   14.84 |                                                                                                                                                                            
  api.js                      |   14.73 |     4.54 |    9.52 |   14.84 | 15-18,40-44,59-125,131-132,136-211,216-218,225-232,237-246,251-283,289-308,313-320,325-344,350-351,355-409,416,421-426,431-457,463,469-502,511-541,545-577,582-583,601-602 
 src/tests                    |       0 |        0 |       0 |       0 |                                                                                                                                                                            
  test-runner.js              |       0 |        0 |       0 |       0 | 3-42                                                                                                                                                                       
 src/tests/utiles             |   41.66 |        0 |       0 |   41.66 |                                                                                                                                                                            
  test-utils.jsx              |   41.66 |        0 |       0 |   41.66 | 8-12,18-23                                                                                                                                                                 
------------------------------|---------|----------|---------|---------|----------------------------------------------------------------------------------------------------------------------------------------------------------------------------
Test Suites: 10 passed, 10 total
Tests:       47 passed, 47 total
Snapshots:   0 total
Time:        32.18 s
Ran all test suites.
